To honour the JVM settings for this build a single-use Daemon process will be forked. For more on this, please refer to https://docs.gradle.org/9.4.1/userguide/gradle_daemon.html#sec:disabling_the_daemon in the Gradle documentation.
Daemon will be stopped at the end of the build 
Calculating task graph as configuration cache cannot be reused because directory '.' has changed.
> Task :Nekopoi:preBuild UP-TO-DATE
> Task :Nekopoi:checkKotlinGradlePluginConfigurationErrors SKIPPED
> Task :Nekopoi:preDebugBuild UP-TO-DATE
> Task :Nekopoi:generateDebugResValues
> Task :Nekopoi:generateDebugResources
> Task :Nekopoi:packageDebugResources
> Task :Nekopoi:parseDebugLocalResources
> Task :Nekopoi:generateDebugRFile

> Task :Nekopoi:compileDebugKotlin
w: file:///D:/project/IndoStream/Nekopoi/src/main/kotlin/com/nekopoi/NekopoiStreamHandler.kt:118:69 Unnecessary non-null assertion (!!) on a non-null receiver of type 'Int'.

[Incubating] Problems report is available at: file:///D:/project/IndoStream/build/reports/problems/problems-report.html

Deprecated Gradle features were used in this build, making it incompatible with Gradle 10.

You can use '--warning-mode all' to show the individual deprecation warnings and determine if they come from your own scripts or plugins.

For more on this, please refer to https://docs.gradle.org/9.4.1/userguide/command_line_interface.html#sec:command_line_warnings in the Gradle documentation.

BUILD SUCCESSFUL in 17s
6 actionable tasks: 6 executed
Configuration cache entry stored.
